node : file:///D:/Rohit/ecom
merce/server/services/invent
oryService.js:1
At line:1 char:1
+ node server.js 2>&1 > 
error_log.txt
+ ~~~~~~~~~~~~~~~~~~~~~~~~~~
~~~~~~~~~
    + CategoryInfo          
    : NotSpecified: (file:  
  ///D:/Rohi...oryService   
 .js:1:String) [], Remot    
eException
    + FullyQualifiedErrorId 
    : NativeCommandError
 
import Inventory from 
'../models/Inventory.js';
       ^^^^^^^^^
SyntaxError: The requested 
module 
'../models/Inventory.js' 
does not provide an export 
named 'default'
    at #asyncInstantiate (no
de:internal/modules/esm/modu
le_job:302:21)
    at async ModuleJob.run (
node:internal/modules/esm/mo
dule_job:405:5)
    at async onImport.traceP
romise.__proto__ (node:inter
nal/modules/esm/loader:654:2
6)
    at async asyncRunEntryPo
intWithESMLoader (node:inter
nal/modules/run_main:101:5)

Node.js v25.3.0
